******************************************************************************
                  MSP430 Linker PC v4.4.3                      
******************************************************************************
>> Linked Tue May 03 10:59:23 2016

OUTPUT FILE NAME:   <rese2nse.out>
ENTRY POINT SYMBOL: "_c_int00_noargs_noexit"  address: 0000e9f0


MEMORY CONFIGURATION

         name            origin    length      used     unused   attr    fill
----------------------  --------  ---------  --------  --------  ----  --------
  SFR                   00000000   00000010  00000000  00000010  RWIX
  PERIPHERALS_8BIT      00000010   000000f0  00000000  000000f0  RWIX
  PERIPHERALS_16BIT     00000100   00000100  00000000  00000100  RWIX
  RAM                   00000200   00000200  000000d3  0000012d  RWIX
  INFOD                 00001000   00000040  00000000  00000040  RWIX
  INFOC                 00001040   00000040  00000000  00000040  RWIX
  INFOB                 00001080   00000040  00000000  00000040  RWIX
  INFOA                 000010c0   00000040  00000000  00000040  RWIX
  FLASH                 0000e000   00001fde  00000a94  0000154a  RWIX
  INT00                 0000ffe0   00000002  00000000  00000002  RWIX
  INT01                 0000ffe2   00000002  00000000  00000002  RWIX
  INT02                 0000ffe4   00000002  00000002  00000000  RWIX
  INT03                 0000ffe6   00000002  00000002  00000000  RWIX
  INT04                 0000ffe8   00000002  00000000  00000002  RWIX
  INT05                 0000ffea   00000002  00000002  00000000  RWIX
  INT06                 0000ffec   00000002  00000002  00000000  RWIX
  INT07                 0000ffee   00000002  00000002  00000000  RWIX
  INT08                 0000fff0   00000002  00000002  00000000  RWIX
  INT09                 0000fff2   00000002  00000002  00000000  RWIX
  INT10                 0000fff4   00000002  00000002  00000000  RWIX
  INT11                 0000fff6   00000002  00000002  00000000  RWIX
  INT12                 0000fff8   00000002  00000002  00000000  RWIX
  INT13                 0000fffa   00000002  00000002  00000000  RWIX
  INT14                 0000fffc   00000002  00000002  00000000  RWIX
  RESET                 0000fffe   00000002  00000002  00000000  RWIX


SECTION ALLOCATION MAP

 output                                  attributes/
section   page    origin      length       input sections
--------  ----  ----------  ----------   ----------------
.bss       0    00000200    00000070     UNINITIALIZED
                  00000200    00000064     (.common:rxbuf)
                  00000264    00000002     (.common:rxbuf_overflow)
                  00000266    00000002     (.common:rxctr)
                  00000268    00000002     (.common:rxheader_flag)
                  0000026a    00000002     (.common:rxpsize)
                  0000026c    00000002     (.common:state)
                  0000026e    00000002     (.common:timer_flag)

.data      0    00000270    00000013     UNINITIALIZED
                  00000270    00000009     main.obj (.data:broadcast_addr)
                  00000279    00000001     --HOLE--
                  0000027a    00000009     main.obj (.data:unicast_addr)

.stack     0    000003b0    00000050     UNINITIALIZED
                  000003b0    00000002     rts430_eabi.lib : boot.obj (.stack)
                  000003b2    0000004e     --HOLE--

.text      0    0000e000    00000a6c     
                  0000e000    0000037a     main.obj (.text:main)
                  0000e37a    0000016a     sense_routines.obj (.text:buildSense)
                  0000e4e4    000000dc     transmit_routines.obj (.text:transmitreq)
                  0000e5c0    00000094     transmit_routines.obj (.text:atcom_shsl)
                  0000e654    0000007e     transmit_routines.obj (.text:atcom_enrts)
                  0000e6d2    0000007c     parse_routines.obj (.text:parse_atres)
                  0000e74e    0000006a     config_routines.obj (.text:detect_sensor)
                  0000e7b8    00000064     rts430_eabi.lib : copy_decompress_rle.obj (.text:__TI_decompress_rle_core)
                  0000e81c    00000058     main.obj (.text:USCI0RX_ISR)
                  0000e874    00000058     rts430_eabi.lib : autoinit.obj (.text:_auto_init)
                  0000e8cc    00000050     config_routines.obj (.text:check_sensor)
                  0000e91c    0000003c     parse_routines.obj (.text:parse_ack)
                  0000e958    0000002e     sense_routines.obj (.text:tempSense)
                  0000e986    00000026     main.obj (.text:parse_header)
                  0000e9ac    00000026     parse_routines.obj (.text:parse_start)
                  0000e9d2    0000001e     parse_routines.obj (.text:parse_stop)
                  0000e9f0    0000001a     rts430_eabi.lib : boot_special.obj (.text:_c_int00_noargs_noexit)
                  0000ea0a    00000014                     : copy_zero_init.obj (.text:decompress:ZI:__TI_zero_init)
                  0000ea1e    00000012                     : copy_decompress_none.obj (.text:decompress:none:__TI_decompress_none)
                  0000ea30    00000012                     : memcpy.obj (.text:memcpy)
                  0000ea42    00000010                     : epilog.obj (.text)
                  0000ea52    00000006     main.obj (.text:Timer_A0)
                  0000ea58    00000006     rts430_eabi.lib : isr_trap.obj (.text:_isr:__TI_ISR_TRAP)
                  0000ea5e    00000006                     : copy_decompress_rle.obj (.text:decompress:rle24:__TI_decompress_rle24)
                  0000ea64    00000004                     : pre_init.obj (.text:_system_pre_init)
                  0000ea68    00000004                     : exit.obj (.text:abort)

.cinit     0    0000ea6c    00000028     
                  0000ea6c    00000016     (.cinit..data.load) [load image, compression = rle]
                  0000ea82    00000006     (__TI_handler_table)
                  0000ea88    00000004     (.cinit..bss.load) [load image, compression = zero_init]
                  0000ea8c    00000008     (__TI_cinit_table)

.init_array 
*          0    0000e000    00000000     UNINITIALIZED

.TI.persistent 
*          0    00000270    00000000     UNINITIALIZED

PORT1      0    0000ffe4    00000002     
                  0000ffe4    00000002     rts430_eabi.lib : int02.obj (.int02)

PORT2      0    0000ffe6    00000002     
                  0000ffe6    00000002     rts430_eabi.lib : int03.obj (.int03)

ADC10      0    0000ffea    00000002     
                  0000ffea    00000002     rts430_eabi.lib : int05.obj (.int05)

USCIAB0TX 
*          0    0000ffec    00000002     
                  0000ffec    00000002     rts430_eabi.lib : int06.obj (.int06)

USCIAB0RX 
*          0    0000ffee    00000002     
                  0000ffee    00000002     main.obj (.int07)

TIMER0_A1 
*          0    0000fff0    00000002     
                  0000fff0    00000002     rts430_eabi.lib : int08.obj (.int08)

TIMER0_A0 
*          0    0000fff2    00000002     
                  0000fff2    00000002     main.obj (.int09)

WDT        0    0000fff4    00000002     
                  0000fff4    00000002     rts430_eabi.lib : int10.obj (.int10)

COMPARATORA 
*          0    0000fff6    00000002     
                  0000fff6    00000002     rts430_eabi.lib : int11.obj (.int11)

TIMER1_A1 
*          0    0000fff8    00000002     
                  0000fff8    00000002     rts430_eabi.lib : int12.obj (.int12)

TIMER1_A0 
*          0    0000fffa    00000002     
                  0000fffa    00000002     rts430_eabi.lib : int13.obj (.int13)

NMI        0    0000fffc    00000002     
                  0000fffc    00000002     rts430_eabi.lib : int14.obj (.int14)

.reset     0    0000fffe    00000002     
                  0000fffe    00000002     rts430_eabi.lib : boot.obj (.reset)


LINKER GENERATED COPY TABLES

__TI_cinit_table @ 0000ea8c records: 2, size/record: 4, table size: 8
	.data: load addr=0000ea6c, load size=00000016 bytes, run addr=00000270, run size=00000013 bytes, compression=rle
	.bss: load addr=0000ea88, load size=00000004 bytes, run addr=00000200, run size=00000070 bytes, compression=zero_init


LINKER GENERATED HANDLER TABLE

__TI_handler_table @ 0000ea82 records: 3, size/record: 2, table size: 6
	index: 0, handler: __TI_zero_init
	index: 1, handler: __TI_decompress_rle24
	index: 2, handler: __TI_decompress_none


GLOBAL SYMBOLS: SORTED ALPHABETICALLY BY Name 

address   name                    
-------   ----                    
0000004a  ADC10AE0                
0000004b  ADC10AE1                
000001b0  ADC10CTL0               
000001b2  ADC10CTL1               
00000048  ADC10DTC0               
00000049  ADC10DTC1               
000001b4  ADC10MEM                
000001bc  ADC10SA                 
00000057  BCSCTL1                 
00000058  BCSCTL2                 
00000053  BCSCTL3                 
0000ea68  C$$EXIT                 
00000059  CACTL1                  
0000005a  CACTL2                  
000010fb  CALBC1_12MHZ            
000010f9  CALBC1_16MHZ            
000010ff  CALBC1_1MHZ             
000010fd  CALBC1_8MHZ             
000010fa  CALDCO_12MHZ            
000010f8  CALDCO_16MHZ            
000010fe  CALDCO_1MHZ             
000010fc  CALDCO_8MHZ             
0000005b  CAPD                    
00000056  DCOCTL                  
00000128  FCTL1                   
0000012a  FCTL2                   
0000012c  FCTL3                   
00000000  IE1                     
00000001  IE2                     
00000002  IFG1                    
00000003  IFG2                    
00000022  P1DIR                   
00000025  P1IE                    
00000024  P1IES                   
00000023  P1IFG                   
00000020  P1IN                    
00000021  P1OUT                   
00000027  P1REN                   
00000026  P1SEL                   
00000041  P1SEL2                  
0000002a  P2DIR                   
0000002d  P2IE                    
0000002c  P2IES                   
0000002b  P2IFG                   
00000028  P2IN                    
00000029  P2OUT                   
0000002f  P2REN                   
0000002e  P2SEL                   
00000042  P2SEL2                  
0000001a  P3DIR                   
00000018  P3IN                    
00000019  P3OUT                   
00000010  P3REN                   
0000001b  P3SEL                   
00000172  TA0CCR0                 
00000174  TA0CCR1                 
00000176  TA0CCR2                 
00000162  TA0CCTL0                
00000164  TA0CCTL1                
00000166  TA0CCTL2                
00000160  TA0CTL                  
0000012e  TA0IV                   
00000170  TA0R                    
00000192  TA1CCR0                 
00000194  TA1CCR1                 
00000182  TA1CCTL0                
00000184  TA1CCTL1                
00000180  TA1CTL                  
0000011e  TA1IV                   
00000190  TA1R                    
000010db  TLV_ADC10_1_LEN         
000010da  TLV_ADC10_1_TAG         
000010c0  TLV_CHECKSUM            
000010f7  TLV_DCO_30_LEN          
000010f6  TLV_DCO_30_TAG          
0000ea52  Timer_A0                
0000005d  UCA0ABCTL               
00000062  UCA0BR0                 
00000063  UCA0BR1                 
00000060  UCA0CTL0                
00000061  UCA0CTL1                
0000005f  UCA0IRRCTL              
0000005e  UCA0IRTCTL              
00000064  UCA0MCTL                
00000066  UCA0RXBUF               
00000065  UCA0STAT                
00000067  UCA0TXBUF               
0000006a  UCB0BR0                 
0000006b  UCB0BR1                 
00000068  UCB0CTL0                
00000069  UCB0CTL1                
0000006c  UCB0I2CIE               
00000118  UCB0I2COA               
0000011a  UCB0I2CSA               
0000006e  UCB0RXBUF               
0000006d  UCB0STAT                
0000006f  UCB0TXBUF               
0000e81c  USCI0RX_ISR             
00000120  WDTCTL                  
00000400  __STACK_END             
00000050  __STACK_SIZE            
0000ea8c  __TI_CINIT_Base         
0000ea94  __TI_CINIT_Limit        
0000ea82  __TI_Handler_Table_Base 
0000ea88  __TI_Handler_Table_Limit
UNDEFED   __TI_INITARRAY_Base     
UNDEFED   __TI_INITARRAY_Limit    
0000ea58  __TI_ISR_TRAP           
0000ea1e  __TI_decompress_none    
0000ea5e  __TI_decompress_rle24   
0000ffe4  __TI_int02              
0000ffe6  __TI_int03              
0000ffea  __TI_int05              
0000ffec  __TI_int06              
0000ffee  __TI_int07              
0000fff0  __TI_int08              
0000fff2  __TI_int09              
0000fff4  __TI_int10              
0000fff6  __TI_int11              
0000fff8  __TI_int12              
0000fffa  __TI_int13              
0000fffc  __TI_int14              
0000ea0a  __TI_zero_init          
ffffffff  __binit__               
ffffffff  __c_args__              
0000ea4e  __mspabi_func_epilog_1  
0000ea4c  __mspabi_func_epilog_2  
0000ea4a  __mspabi_func_epilog_3  
0000ea48  __mspabi_func_epilog_4  
0000ea46  __mspabi_func_epilog_5  
0000ea44  __mspabi_func_epilog_6  
0000ea42  __mspabi_func_epilog_7  
0000e874  _auto_init              
0000e9f0  _c_int00_noargs_noexit  
0000fffe  _reset_vector           
000003b0  _stack                  
0000ea64  _system_pre_init        
0000ea68  abort                   
0000e654  atcom_enrts             
0000e5c0  atcom_shsl              
ffffffff  binit                   
00000270  broadcast_addr          
0000e37a  buildSense              
0000e8cc  check_sensor            
0000e74e  detect_sensor           
0000e000  main                    
0000ea30  memcpy                  
0000e91c  parse_ack               
0000e6d2  parse_atres             
0000e986  parse_header            
0000e9ac  parse_start             
0000e9d2  parse_stop              
00000200  rxbuf                   
00000264  rxbuf_overflow          
00000266  rxctr                   
00000268  rxheader_flag           
0000026a  rxpsize                 
0000026c  state                   
0000e958  tempSense               
0000026e  timer_flag              
0000e4e4  transmitreq             
0000027a  unicast_addr            


GLOBAL SYMBOLS: SORTED BY Symbol Address 

address   name                    
-------   ----                    
00000000  IE1                     
00000001  IE2                     
00000002  IFG1                    
00000003  IFG2                    
00000010  P3REN                   
00000018  P3IN                    
00000019  P3OUT                   
0000001a  P3DIR                   
0000001b  P3SEL                   
00000020  P1IN                    
00000021  P1OUT                   
00000022  P1DIR                   
00000023  P1IFG                   
00000024  P1IES                   
00000025  P1IE                    
00000026  P1SEL                   
00000027  P1REN                   
00000028  P2IN                    
00000029  P2OUT                   
0000002a  P2DIR                   
0000002b  P2IFG                   
0000002c  P2IES                   
0000002d  P2IE                    
0000002e  P2SEL                   
0000002f  P2REN                   
00000041  P1SEL2                  
00000042  P2SEL2                  
00000048  ADC10DTC0               
00000049  ADC10DTC1               
0000004a  ADC10AE0                
0000004b  ADC10AE1                
00000050  __STACK_SIZE            
00000053  BCSCTL3                 
00000056  DCOCTL                  
00000057  BCSCTL1                 
00000058  BCSCTL2                 
00000059  CACTL1                  
0000005a  CACTL2                  
0000005b  CAPD                    
0000005d  UCA0ABCTL               
0000005e  UCA0IRTCTL              
0000005f  UCA0IRRCTL              
00000060  UCA0CTL0                
00000061  UCA0CTL1                
00000062  UCA0BR0                 
00000063  UCA0BR1                 
00000064  UCA0MCTL                
00000065  UCA0STAT                
00000066  UCA0RXBUF               
00000067  UCA0TXBUF               
00000068  UCB0CTL0                
00000069  UCB0CTL1                
0000006a  UCB0BR0                 
0000006b  UCB0BR1                 
0000006c  UCB0I2CIE               
0000006d  UCB0STAT                
0000006e  UCB0RXBUF               
0000006f  UCB0TXBUF               
00000118  UCB0I2COA               
0000011a  UCB0I2CSA               
0000011e  TA1IV                   
00000120  WDTCTL                  
00000128  FCTL1                   
0000012a  FCTL2                   
0000012c  FCTL3                   
0000012e  TA0IV                   
00000160  TA0CTL                  
00000162  TA0CCTL0                
00000164  TA0CCTL1                
00000166  TA0CCTL2                
00000170  TA0R                    
00000172  TA0CCR0                 
00000174  TA0CCR1                 
00000176  TA0CCR2                 
00000180  TA1CTL                  
00000182  TA1CCTL0                
00000184  TA1CCTL1                
00000190  TA1R                    
00000192  TA1CCR0                 
00000194  TA1CCR1                 
000001b0  ADC10CTL0               
000001b2  ADC10CTL1               
000001b4  ADC10MEM                
000001bc  ADC10SA                 
00000200  rxbuf                   
00000264  rxbuf_overflow          
00000266  rxctr                   
00000268  rxheader_flag           
0000026a  rxpsize                 
0000026c  state                   
0000026e  timer_flag              
00000270  broadcast_addr          
0000027a  unicast_addr            
000003b0  _stack                  
00000400  __STACK_END             
000010c0  TLV_CHECKSUM            
000010da  TLV_ADC10_1_TAG         
000010db  TLV_ADC10_1_LEN         
000010f6  TLV_DCO_30_TAG          
000010f7  TLV_DCO_30_LEN          
000010f8  CALDCO_16MHZ            
000010f9  CALBC1_16MHZ            
000010fa  CALDCO_12MHZ            
000010fb  CALBC1_12MHZ            
000010fc  CALDCO_8MHZ             
000010fd  CALBC1_8MHZ             
000010fe  CALDCO_1MHZ             
000010ff  CALBC1_1MHZ             
0000e000  main                    
0000e37a  buildSense              
0000e4e4  transmitreq             
0000e5c0  atcom_shsl              
0000e654  atcom_enrts             
0000e6d2  parse_atres             
0000e74e  detect_sensor           
0000e81c  USCI0RX_ISR             
0000e874  _auto_init              
0000e8cc  check_sensor            
0000e91c  parse_ack               
0000e958  tempSense               
0000e986  parse_header            
0000e9ac  parse_start             
0000e9d2  parse_stop              
0000e9f0  _c_int00_noargs_noexit  
0000ea0a  __TI_zero_init          
0000ea1e  __TI_decompress_none    
0000ea30  memcpy                  
0000ea42  __mspabi_func_epilog_7  
0000ea44  __mspabi_func_epilog_6  
0000ea46  __mspabi_func_epilog_5  
0000ea48  __mspabi_func_epilog_4  
0000ea4a  __mspabi_func_epilog_3  
0000ea4c  __mspabi_func_epilog_2  
0000ea4e  __mspabi_func_epilog_1  
0000ea52  Timer_A0                
0000ea58  __TI_ISR_TRAP           
0000ea5e  __TI_decompress_rle24   
0000ea64  _system_pre_init        
0000ea68  C$$EXIT                 
0000ea68  abort                   
0000ea82  __TI_Handler_Table_Base 
0000ea88  __TI_Handler_Table_Limit
0000ea8c  __TI_CINIT_Base         
0000ea94  __TI_CINIT_Limit        
0000ffe4  __TI_int02              
0000ffe6  __TI_int03              
0000ffea  __TI_int05              
0000ffec  __TI_int06              
0000ffee  __TI_int07              
0000fff0  __TI_int08              
0000fff2  __TI_int09              
0000fff4  __TI_int10              
0000fff6  __TI_int11              
0000fff8  __TI_int12              
0000fffa  __TI_int13              
0000fffc  __TI_int14              
0000fffe  _reset_vector           
ffffffff  __binit__               
ffffffff  __c_args__              
ffffffff  binit                   
UNDEFED   __TI_INITARRAY_Base     
UNDEFED   __TI_INITARRAY_Limit    

[162 symbols]
